Component: ARM Compiler 5.06 update 6 (build 750) Tool: armlink [4d35ed]

==============================================================================

Section Cross References

    lab1.o(tcd) refers to lab1.o(tcddata) for totals


==============================================================================

Image Symbol Table

    Local Symbols

    Symbol Name                              Value     Ov Type        Size  Object(Section)

    tcd                                      0x00000000   Section      188  lab1.o(tcd)
    lab1.s                                   0x00000000   Number         0  lab1.o ABSOLUTE
    tcddata                                  0x40000000   Section       32  lab1.o(tcddata)
    totals                                   0x40000000   Data          32  lab1.o(tcddata)

    Global Symbols

    Symbol Name                              Value     Ov Type        Size  Object(Section)

    BuildAttributes$$THM_ISAv1$ARM_ISAv4$S$PE$A:L22$X:L11$S22$IEEE1$IW$USESV6$~STKCKD$USESV7$~SHL$OSPACE$EBA8$STANDARDLIB$PRES8$EABIv2 0x00000000   Number         0  anon$$obj.o ABSOLUTE
    __main                                   0x00000000   ARM Code       0  lab1.o(tcd)



==============================================================================

Memory Map of the image

  Image Entry point : 0x00000000

  Load Region LR_1 (Base: 0x00000000, Size: 0x000000dc, Max: 0xffffffff, ABSOLUTE)

    Execution Region ER_RO (Exec base: 0x00000000, Load base: 0x00000000, Size: 0x000000bc, Max: 0xffffffff, ABSOLUTE)

    Exec Addr    Load Addr    Size         Type   Attr      Idx    E Section Name        Object

    0x00000000   0x00000000   0x000000bc   Code   RO            1  * tcd                 lab1.o


    Execution Region ER_RW (Exec base: 0x40000000, Load base: 0x000000bc, Size: 0x00000020, Max: 0xffffffff, ABSOLUTE)

    Exec Addr    Load Addr    Size         Type   Attr      Idx    E Section Name        Object

    0x40000000   0x000000bc   0x00000020   Data   RW            2    tcddata             lab1.o


    Execution Region ER_ZI (Exec base: 0x40000020, Load base: 0x000000dc, Size: 0x00000000, Max: 0xffffffff, ABSOLUTE)

    **** No section assigned to this execution region ****


==============================================================================

Image component sizes


      Code (inc. data)   RO Data    RW Data    ZI Data      Debug   Object Name

       188          4          0         32          0        288   lab1.o

    ----------------------------------------------------------------------
       188          4          0         32          0        288   Object Totals
         0          0          0          0          0          0   (incl. Generated)
         0          0          0          0          0          0   (incl. Padding)

    ----------------------------------------------------------------------
         0          0          0          0          0          0   Library Totals
         0          0          0          0          0          0   (incl. Padding)

    ----------------------------------------------------------------------

==============================================================================


      Code (inc. data)   RO Data    RW Data    ZI Data      Debug   

       188          4          0         32          0        288   Grand Totals
       188          4          0         32          0        288   ELF Image Totals
       188          4          0         32          0          0   ROM Totals

==============================================================================

    Total RO  Size (Code + RO Data)                  188 (   0.18kB)
    Total RW  Size (RW Data + ZI Data)                32 (   0.03kB)
    Total ROM Size (Code + RO Data + RW Data)        220 (   0.21kB)

==============================================================================

